
> my-v0-project@0.1.0 build
> next build

  ▲ Next.js 14.2.25
  - Environments: .env.local, .env.production

   Creating an optimized production build ...
 ✓ Compiled successfully
   Skipping validation of types
   Linting ...
   Collecting page data ...
   Generating static pages (0/66) ...
   Generating static pages (16/66) 
   Generating static pages (32/66) 
   Generating static pages (49/66) 
 ✓ Generating static pages (66/66)
   Finalizing page optimization ...
   Collecting build traces ...

Route (app)                                                Size     First Load JS
┌ ○ /                                                      1.37 kB         109 kB
├ ○ /_not-found                                            180 B          87.4 kB
├ ○ /404                                                   2.29 kB         124 kB
├ ○ /about                                                 180 B          87.4 kB
├ ƒ /api/checkout/onboarding                               0 B                0 B
├ ƒ /api/contact                                           0 B                0 B
├ ƒ /api/hcp/completed-job                                 0 B                0 B
├ ƒ /api/qbo/callback                                      0 B                0 B
├ ƒ /api/remotion-auth                                     0 B                0 B
├ ƒ /api/send-breakdown                                    0 B                0 B
├ ○ /audit-intake                                          4.08 kB         126 kB
├ ○ /audit-started                                         2.29 kB         124 kB
├ ○ /blog                                                  2.29 kB         124 kB
├ ● /blog/[slug]                                           2.29 kB         124 kB
├   ├ /blog/why-the-plumber-waits-3-weeks-to-get-paid
├   ├ /blog/the-estimate-that-went-cold-and-the-4000-job
├   ├ /blog/real-cost-of-slow-invoicing-service-business
├   └ [+2 more paths]
├ ƒ /bookAppointment                                       0 B                0 B
├ ○ /car-dealerships                                       180 B          87.4 kB
├ ƒ /checkAvailability                                     0 B                0 B
├ ○ /checkout/cancel                                       2.29 kB         124 kB
├ ○ /checkout/onboarding                                   6.68 kB         128 kB
├ ○ /checkout/success                                      2.29 kB         124 kB
├ ○ /contact                                               6.24 kB         128 kB
├ ○ /dev/customer-revenue-system-v2                        180 B          87.4 kB
├ ○ /dev/customer-revenue-system-v3                        179 B          87.4 kB
├ ○ /dev/customer-revenue-system-v4                        180 B          87.4 kB
├ ○ /dev/motion-smoke                                      44.8 kB         132 kB
├ ○ /dev/visual-kit-composite-assets                       180 B          87.4 kB
├ ○ /dev/visual-kit-display-assets                         180 B          87.4 kB
├ ○ /dev/visual-kit-display-icons                          180 B          87.4 kB
├ ○ /dev/visual-kit-mini-features                          180 B          87.4 kB
├ ○ /dev/visual-kit-newest-18                              180 B          87.4 kB
├ ○ /dev/visual-kit-primitives                             180 B          87.4 kB
├ ƒ /escalateToHuman                                       0 B                0 B
├ ○ /field-service-automation                              2.29 kB         124 kB
├ ○ /how-stanley-systems-works                             2.29 kB         124 kB
├ ○ /industries/adjacent-service-businesses                231 B           108 kB
├ ○ /industries/electrical                                 231 B           108 kB
├ ○ /industries/general-contractors                        232 B           108 kB
├ ○ /industries/hvac                                       232 B           108 kB
├ ○ /industries/landscaping                                232 B           108 kB
├ ○ /industries/marine                                     232 B           108 kB
├ ○ /industries/plumbing                                   232 B           108 kB
├ ○ /industries/roofing                                    231 B           108 kB
├ ○ /invoicing-delay-cash-flow-calculator                  16.9 kB         124 kB
├ ○ /invoicing-delay-cash-flow-calculator/paid             3.46 kB        90.7 kB
├ ○ /marine-service-automation                             2.29 kB         124 kB
├ ○ /missed-estimate-follow-up-for-service-businesses      2.29 kB         124 kB
├ ○ /office-handoff-problems-in-field-service-businesses   2.29 kB         124 kB
├ ƒ /pricing                                               3.01 kB         111 kB
├ ○ /privacy-policy                                        2.23 kB         124 kB
├ ƒ /remotion                                              178 B          94.2 kB
├ ○ /remotion-link                                         180 B          87.4 kB
├ ○ /remotion/login                                        2.15 kB        89.4 kB
├ ○ /safety                                                2.23 kB         124 kB
├ ○ /service-business-billing-process-fix                  2.29 kB         124 kB
├ ○ /sitemap.xml                                           0 B                0 B
├ ○ /speed-up-invoicing-for-service-businesses             2.29 kB         124 kB
├ ○ /stanley-systems-case-study                            2.29 kB         124 kB
├ ○ /systems/both-systems                                  204 B           108 kB
├ ○ /systems/cashflow-control                              2.07 kB         110 kB
├ ○ /systems/repeat-revenue                                2.07 kB         110 kB
├ ○ /terms-and-conditions                                  2.23 kB         124 kB
├ ○ /who-stanley-systems-helps                             2.29 kB         124 kB
├ ○ /work-order-to-invoice-process-for-service-businesses  2.29 kB         124 kB
└ ○ /workflow-audit                                        3.02 kB         111 kB
+ First Load JS shared by all                              87.2 kB
  ├ chunks/2117-cdd7116592059c48.js                        31.6 kB
  ├ chunks/fd9d1056-a81371f087f4d64b.js                    53.6 kB
  └ other shared chunks (total)                            2 kB

Route (pages)                                              Size     First Load JS
┌   /_app                                                  0 B            79.5 kB
└ ○ /500                                                   432 B          79.9 kB
+ First Load JS shared by all                              79.5 kB
  ├ chunks/framework-8728bb6cfd7cf766.js                   44.9 kB
  ├ chunks/main-fc7d297049e583f0.js                        32.5 kB
  └ other shared chunks (total)                            2.07 kB

○  (Static)   prerendered as static content
●  (SSG)      prerendered as static HTML (uses getStaticProps)
ƒ  (Dynamic)  server-rendered on demand

